"String \awith\b various\t\"escape\"\nsequences within  it?"
' '
"single line string contained in multiple physical liens"
L"string"
U"string"
u"string"
u8"string"
"an unterminated string"
' '
' '
' '
'u'
'\\'
