TOKEN_HASH
[include]
<stdio.h>
TOKEN_INT
[main]
(
TOKEN_VOID
)
{
[printf]
(
"Hello World!\n"
)
;
}
EOF
