TOKEN_INT
TOKEN_INT
TOKEN_INT
TOKEN_INT
TOKEN_INT
TOKEN_INT
TOKEN_INT
TOKEN_INT
TOKEN_INT
TOKEN_INT
TOKEN_INT
